[2026-08-17T02:44:49.318Z]
*⚡ Daily Pricing Flash Alert* (2026-08-17)
• *Auto-Published Signals*: 3
• *Pending PM Review*: 1

> *[N26]* N26 updated pricing: changed from [Instant Savings: 1.26% p.a.] to [Instant Savings: 3.00% p.a.].
> _Why this matters_: Impacts deposit competition vs Trade Republic's 3.75% p.a. on uninvested cash up to 50,000 EUR.
> _Source_: <https://n26.com/en-de/plans|Tier 1>
> *[Revolut]* Revolut updated product_launch: changed from [Metal - 13.99 €/month] to [Metal - 13.99 €/month; Ultra - 45.00 €/month - Platinum-plated card, unlimited airport lounge access].
> _Why this matters_: Targets premium account tiers; contrast with Trade Republic's free card with 1% saveback on card spending directly invested into savings plan (max 15 EUR/mo).
> _Source_: <https://www.revolut.com/en-DE/our-pricing-plans/|Tier 1>
> *[Scalable Capital]* Scalable Capital updated pricing: changed from [4.00% p.a. interest on cash up to 1,000,000 € with Baader Bank] to [3.75% p.a. interest on cash up to 1,000,000 € with Baader Bank].
> _Why this matters_: Impacts deposit competition vs Trade Republic's 3.75% p.a. on uninvested cash up to 50,000 EUR.
> _Source_: <https://de.scalable.capital/en/pricing|Tier 1>
> *[Bitpanda]* Bitpanda updated pricing: changed from [| Ethereum (ETH) | 3.8% APY |; | Solana (SOL) | 6.5% APY |] to [| Ethereum (ETH) | 3.1% APY |; | Solana (SOL) | 5.8% APY |].
> _Why this matters_: Signals a product positioning shift in Bitpanda's offering relative to Trade Republic.
> _Source_: <https://www.bitpanda.com/en/limits-and-fees|Tier 1>

👉 *Action Required*: Triage 1 items in `output/staged_review.md` (Monday 09:00 SLA)

---

[2026-08-17T02:45:46.479Z]
*⚡ Daily Pricing Flash Alert* (2026-08-17)
• *Auto-Published Signals*: 3
• *Pending PM Review*: 1

> *[N26]* N26 updated pricing: changed from [Instant Savings: 1.26% p.a.] to [Instant Savings: 3.00% p.a.].
> _Why this matters_: Impacts deposit competition vs Trade Republic's 3.75% p.a. on uninvested cash up to 50,000 EUR.
> _Source_: <https://n26.com/en-de/plans|Tier 1>
> *[Revolut]* Revolut updated product_launch: changed from [Metal - 13.99 €/month] to [Metal - 13.99 €/month; Ultra - 45.00 €/month - Platinum-plated card, unlimited airport lounge access].
> _Why this matters_: Targets premium account tiers; contrast with Trade Republic's free card with 1% saveback on card spending directly invested into savings plan (max 15 EUR/mo).
> _Source_: <https://www.revolut.com/en-DE/our-pricing-plans/|Tier 1>
> *[Scalable Capital]* Scalable Capital updated pricing: changed from [4.00% p.a. interest on cash up to 1,000,000 € with Baader Bank] to [3.75% p.a. interest on cash up to 1,000,000 € with Baader Bank].
> _Why this matters_: Impacts deposit competition vs Trade Republic's 3.75% p.a. on uninvested cash up to 50,000 EUR.
> _Source_: <https://de.scalable.capital/en/pricing|Tier 1>
> *[Bitpanda]* Bitpanda updated pricing: changed from [| Ethereum (ETH) | 3.8% APY |; | Solana (SOL) | 6.5% APY |] to [| Ethereum (ETH) | 3.1% APY |; | Solana (SOL) | 5.8% APY |].
> _Why this matters_: Signals a product positioning shift in Bitpanda's offering relative to Trade Republic.
> _Source_: <https://www.bitpanda.com/en/limits-and-fees|Tier 1>

👉 *Action Required*: Triage 1 items in `output/staged_review.md` (Monday 09:00 SLA)

---

[2026-08-17T03:16:06.012Z]
*⚡ Daily Pricing Flash Alert* (2026-08-17)
• *Auto-Published Signals*: 3
• *Pending PM Review*: 1

> *[N26]* N26 updated pricing: changed from [Instant Savings: 1.26% p.a.] to [Instant Savings: 3.00% p.a.].
> _Why this matters_: Impacts deposit competition vs Trade Republic's 3.75% p.a. on uninvested cash up to 50,000 EUR.
> _Source_: <https://n26.com/en-de/plans|Tier 1>
> *[Revolut]* Revolut updated product_launch: changed from [Metal - 13.99 €/month] to [Metal - 13.99 €/month; Ultra - 45.00 €/month - Platinum-plated card, unlimited airport lounge access].
> _Why this matters_: Targets premium account tiers; contrast with Trade Republic's free card with 1% saveback on card spending directly invested into savings plan (max 15 EUR/mo).
> _Source_: <https://www.revolut.com/en-DE/our-pricing-plans/|Tier 1>
> *[Scalable Capital]* Scalable Capital updated pricing: changed from [4.00% p.a. interest on cash up to 1,000,000 € with Baader Bank] to [3.75% p.a. interest on cash up to 1,000,000 € with Baader Bank].
> _Why this matters_: Impacts deposit competition vs Trade Republic's 3.75% p.a. on uninvested cash up to 50,000 EUR.
> _Source_: <https://de.scalable.capital/en/pricing|Tier 1>
> *[Bitpanda]* Bitpanda updated pricing: changed from [| Ethereum (ETH) | 3.8% APY |; | Solana (SOL) | 6.5% APY |] to [| Ethereum (ETH) | 3.1% APY |; | Solana (SOL) | 5.8% APY |].
> _Why this matters_: Signals a product positioning shift in Bitpanda's offering relative to Trade Republic.
> _Source_: <https://www.bitpanda.com/en/limits-and-fees|Tier 1>

👉 *Action Required*: Triage 1 items in `output/staged_review.md` (Monday 09:00 SLA)

---

[2026-08-17T03:19:22.872Z]
*⚡ Daily Pricing Flash Alert* (2026-08-17)
• *Auto-Published Signals*: 5
• *Pending PM Review*: 3

> *[N26]* N26 updated pricing: changed from [Instant Savings: 1.26% p.a.] to [Instant Savings: 3.00% p.a.].
> _Why this matters_: Impacts deposit competition vs Trade Republic's 3.75% p.a. on uninvested cash up to 50,000 EUR.
> _Source_: <https://n26.com/en-de/plans|Tier 1>
> *[Revolut]* Revolut updated product_launch: changed from [Metal - 13.99 €/month] to [Metal - 13.99 €/month; Ultra - 45.00 €/month - Platinum-plated card, unlimited airport lounge access].
> _Why this matters_: Targets premium account tiers; contrast with Trade Republic's free card with 1% saveback on card spending directly invested into savings plan (max 15 EUR/mo).
> _Source_: <https://www.revolut.com/en-DE/our-pricing-plans/|Tier 1>
> *[Scalable Capital]* Scalable Capital updated pricing: changed from [4.00% p.a. interest on cash up to 1,000,000 € with Baader Bank] to [3.75% p.a. interest on cash up to 1,000,000 € with Baader Bank].
> _Why this matters_: Impacts deposit competition vs Trade Republic's 3.75% p.a. on uninvested cash up to 50,000 EUR.
> _Source_: <https://de.scalable.capital/en/pricing|Tier 1>
> *[Bitpanda]* Bitpanda updated pricing: changed from [| Ethereum (ETH) | 3.8% APY |; | Solana (SOL) | 6.5% APY |] to [| Ethereum (ETH) | 3.1% APY |; | Solana (SOL) | 5.8% APY |].
> _Why this matters_: Signals a strategic shift in Bitpanda's positioning relative to Trade Republic.
> _Source_: <https://www.bitpanda.com/en/limits-and-fees|Tier 1>
> *[Revolut]* Revolut updated marketing_promo: changed from [Get 40 € for every friend who signs up and orders a card.] to [Summer Referral Boost: Get 60 € for every friend who signs up, orders a physical card, and completes 3 purchases of at least 5 € within 21 days.].
> _Why this matters_: Targets premium account tiers; contrast with Trade Republic's free card with 1% saveback on card spending directly invested into savings plan (max 15 EUR/mo).
> _Source_: <https://www.revolut.com/en-DE/referral-program/|Tier 1>
> *[Scalable Capital]* Scalable Capital updated marketing_promo: changed from [## Scalable Broker; Start investing in 7,500+ stocks and ETFs.] to [## Portfolio Transfer Bonus; Transfer your existing portfolio to Scalable Capital and receive up to 100 € cash bonus directly into your account (valid for transfers over 10,000 €).].
> _Why this matters_: Aggressive acquisition promotion impacting user acquisition velocity and CAC benchmarks against Trade Republic.
> _Source_: <https://de.scalable.capital/en/promotions|Tier 1>
> *[N26]* N26 updated app_reviews: changed from [4.7 ★ (85,000 ratings)Users praise smooth daily banking and instant push notifications.] to [4.3 ★ (92,000 ratings)Sentiment shift: Surge in 1★-2★ reviews reporting KYC verification loops and biometric login failures following update v12.4. Customer support wait times cited as primary complaint.].
> _Why this matters_: Indicates user sentiment & customer experience shift; highlights product reliability vs Trade Republic app experience.
> _Source_: <https://apps.apple.com/de/app/n26-the-mobile-bank/id956857260|Tier 2>
> *[Bitpanda]* Bitpanda updated app_reviews: changed from [4.5 ★ (40,000 ratings)Frequent complaints regarding bank deposit clearance speed.] to [4.6 ★ (43,000 ratings)Positive sentiment shift: High praise for 0% PayPal instant deposits and streamlined crypto staking UI. Deposit speed complaints down 35% week-over-week.].
> _Why this matters_: Directly compares to Trade Republic's 1.00 EUR flat fee per order, 50+ tradable cryptocurrencies trading structure.
> _Source_: <https://apps.apple.com/de/app/bitpanda-buy-bitcoin-crypto/id1399049449|Tier 2>

👉 *Action Required*: Triage 3 items in `output/staged_review.md` (Monday 09:00 SLA)

---

[2026-08-17T03:24:10.299Z]
*⚡ Daily Pricing Flash Alert* (2026-08-17)
• *Auto-Published Signals*: 5
• *Pending PM Review*: 3

> *[N26]* N26 updated pricing: changed from [Instant Savings: 1.26% p.a.] to [Instant Savings: 3.00% p.a.].
> _Why this matters_: Impacts deposit competition vs Trade Republic's 3.75% p.a. on uninvested cash up to 50,000 EUR.
> _Source_: <https://n26.com/en-de/plans|Tier 1>
> *[Revolut]* Revolut updated product_launch: changed from [Metal - 13.99 €/month] to [Metal - 13.99 €/month; Ultra - 45.00 €/month - Platinum-plated card, unlimited airport lounge access].
> _Why this matters_: Targets premium account tiers; contrast with Trade Republic's free card with 1% saveback on card spending directly invested into savings plan (max 15 EUR/mo).
> _Source_: <https://www.revolut.com/en-DE/our-pricing-plans/|Tier 1>
> *[Scalable Capital]* Scalable Capital updated pricing: changed from [4.00% p.a. interest on cash up to 1,000,000 € with Baader Bank] to [3.75% p.a. interest on cash up to 1,000,000 € with Baader Bank].
> _Why this matters_: Impacts deposit competition vs Trade Republic's 3.75% p.a. on uninvested cash up to 50,000 EUR.
> _Source_: <https://de.scalable.capital/en/pricing|Tier 1>
> *[Bitpanda]* Bitpanda updated pricing: changed from [| Ethereum (ETH) | 3.8% APY |; | Solana (SOL) | 6.5% APY |] to [| Ethereum (ETH) | 3.1% APY |; | Solana (SOL) | 5.8% APY |].
> _Why this matters_: Signals a strategic shift in Bitpanda's positioning relative to Trade Republic.
> _Source_: <https://www.bitpanda.com/en/limits-and-fees|Tier 1>
> *[Revolut]* Revolut updated marketing_promo: changed from [Get 40 € for every friend who signs up and orders a card.] to [Summer Referral Boost: Get 60 € for every friend who signs up, orders a physical card, and completes 3 purchases of at least 5 € within 21 days.].
> _Why this matters_: Targets premium account tiers; contrast with Trade Republic's free card with 1% saveback on card spending directly invested into savings plan (max 15 EUR/mo).
> _Source_: <https://www.revolut.com/en-DE/referral-program/|Tier 1>
> *[Scalable Capital]* Scalable Capital updated marketing_promo: changed from [## Scalable Broker; Start investing in 7,500+ stocks and ETFs.] to [## Portfolio Transfer Bonus; Transfer your existing portfolio to Scalable Capital and receive up to 100 € cash bonus directly into your account (valid for transfers over 10,000 €).].
> _Why this matters_: Aggressive acquisition promotion impacting user acquisition velocity and CAC benchmarks against Trade Republic.
> _Source_: <https://de.scalable.capital/en/promotions|Tier 1>
> *[N26]* N26 updated app_reviews: changed from [iOS: 4.7 ★ (85k) | Google Play: 4.5 ★ (120k)Users praise smooth daily banking and instant push notifications.] to [iOS: 4.3 ★ (92k) | Google Play: 4.1 ★ (128k)Sentiment shift across App Store & Google Play: Surge in 1★-2★ reviews reporting KYC verification loops and biometric login failures following update v12.4. Customer support wait times cited as primary complaint.].
> _Why this matters_: Indicates user sentiment & customer experience shift; highlights product reliability vs Trade Republic app experience.
> _Source_: <https://play.google.com/store/apps/details?id=de.number26.android|Tier 2>
> *[Bitpanda]* Bitpanda updated app_reviews: changed from [iOS: 4.5 ★ (40k) | Google Play: 4.4 ★ (60k)Frequent complaints regarding bank deposit clearance speed.] to [iOS: 4.6 ★ (43k) | Google Play: 4.5 ★ (65k)Positive sentiment shift across App Store & Google Play: High praise for 0% PayPal instant deposits and streamlined crypto staking UI. Deposit speed complaints down 35% week-over-week.].
> _Why this matters_: Directly compares to Trade Republic's 1.00 EUR flat fee per order, 50+ tradable cryptocurrencies trading structure.
> _Source_: <https://play.google.com/store/apps/details?id=com.bitpanda.bitpanda|Tier 2>

👉 *Action Required*: Triage 3 items in `output/staged_review.md` (Monday 09:00 SLA)

---

[2026-08-17T03:50:50.533Z]
*⚡ Daily Pricing Flash Alert* (2026-08-17)
• *Auto-Published Signals*: 5
• *Pending PM Review*: 3

> *[N26]* N26 updated pricing: changed from [Instant Savings: 1.26% p.a.] to [Instant Savings: 3.00% p.a.].
> _Why this matters_: Impacts deposit competition vs Trade Republic's 3.75% p.a. on uninvested cash up to 50,000 EUR.
> _Source_: <https://n26.com/en-de/plans|Tier 1>
> *[Revolut]* Revolut updated product_launch: changed from [Metal - 13.99 €/month] to [Metal - 13.99 €/month; Ultra - 45.00 €/month - Platinum-plated card, unlimited airport lounge access].
> _Why this matters_: Targets premium account tiers; contrast with Trade Republic's free card with 1% saveback on card spending directly invested into savings plan (max 15 EUR/mo).
> _Source_: <https://www.revolut.com/en-DE/our-pricing-plans/|Tier 1>
> *[Scalable Capital]* Scalable Capital updated pricing: changed from [4.00% p.a. interest on cash up to 1,000,000 € with Baader Bank] to [3.75% p.a. interest on cash up to 1,000,000 € with Baader Bank].
> _Why this matters_: Impacts deposit competition vs Trade Republic's 3.75% p.a. on uninvested cash up to 50,000 EUR.
> _Source_: <https://de.scalable.capital/en/pricing|Tier 1>
> *[Bitpanda]* Bitpanda updated pricing: changed from [| Ethereum (ETH) | 3.8% APY |; | Solana (SOL) | 6.5% APY |] to [| Ethereum (ETH) | 3.1% APY |; | Solana (SOL) | 5.8% APY |].
> _Why this matters_: Signals a strategic shift in Bitpanda's positioning relative to Trade Republic.
> _Source_: <https://www.bitpanda.com/en/limits-and-fees|Tier 1>
> *[Revolut]* Revolut updated marketing_promo: changed from [Get 40 € for every friend who signs up and orders a card.] to [Summer Referral Boost: Get 60 € for every friend who signs up, orders a physical card, and completes 3 purchases of at least 5 € within 21 days.].
> _Why this matters_: Targets premium account tiers; contrast with Trade Republic's free card with 1% saveback on card spending directly invested into savings plan (max 15 EUR/mo).
> _Source_: <https://www.revolut.com/en-DE/referral-program/|Tier 1>
> *[Scalable Capital]* Scalable Capital updated marketing_promo: changed from [## Scalable Broker; Start investing in 7,500+ stocks and ETFs.] to [## Portfolio Transfer Bonus; Transfer your existing portfolio to Scalable Capital and receive up to 100 € cash bonus directly into your account (valid for transfers over 10,000 €).].
> _Why this matters_: Aggressive acquisition promotion impacting user acquisition velocity and CAC benchmarks against Trade Republic.
> _Source_: <https://de.scalable.capital/en/promotions|Tier 1>
> *[N26]* N26 updated app_reviews: changed from [iOS: 4.7 ★ (85k) | Google Play: 4.5 ★ (120k)Users praise smooth daily banking and instant push notifications.] to [iOS: 4.3 ★ (92k) | Google Play: 4.1 ★ (128k)Sentiment shift across App Store & Google Play: Surge in 1★-2★ reviews reporting KYC verification loops and biometric login failures following update v12.4. Customer support wait times cited as primary complaint.].
> _Why this matters_: Indicates user sentiment & customer experience shift; highlights product reliability vs Trade Republic app experience.
> _Source_: <https://play.google.com/store/apps/details?id=de.number26.android|Tier 2>
> *[Bitpanda]* Bitpanda updated app_reviews: changed from [iOS: 4.5 ★ (40k) | Google Play: 4.4 ★ (60k)Frequent complaints regarding bank deposit clearance speed.] to [iOS: 4.6 ★ (43k) | Google Play: 4.5 ★ (65k)Positive sentiment shift across App Store & Google Play: High praise for 0% PayPal instant deposits and streamlined crypto staking UI. Deposit speed complaints down 35% week-over-week.].
> _Why this matters_: Directly compares to Trade Republic's 1.00 EUR flat fee per order, 50+ tradable cryptocurrencies trading structure.
> _Source_: <https://play.google.com/store/apps/details?id=com.bitpanda.bitpanda|Tier 2>

👉 *Action Required*: Triage 3 items in `output/staged_review.md` (Monday 09:00 SLA)

---

